{
    "-profile test": {
        "content": [
            {
                "FASTQC": {
                    "fastqc": "0.12.1"
                },
                "SALMON_QUANT": {
                    "salmon": "1.10.3"
                },
                "UNTAR_SALMON_INDEX": {
                    "untar": 1.3
                },
                "Workflow": {
                    "nfdata-omics/pseudoalign": "v1.0.0dev"
                }
            },
            [
                "fastqc",
                "fastqc/SRR6357070_2_1_fastqc.html",
                "fastqc/SRR6357070_2_1_fastqc.zip",
                "fastqc/SRR6357070_2_2_fastqc.html",
                "fastqc/SRR6357070_2_2_fastqc.zip",
                "fastqc/SRR6357071_2_1_fastqc.html",
                "fastqc/SRR6357071_2_1_fastqc.zip",
                "fastqc/SRR6357071_2_2_fastqc.html",
                "fastqc/SRR6357071_2_2_fastqc.zip",
                "multiqc",
                "multiqc/multiqc_data",
                "multiqc/multiqc_data/fastqc-status-check-heatmap.txt",
                "multiqc/multiqc_data/fastqc_adapter_content_plot.txt",
                "multiqc/multiqc_data/fastqc_overrepresented_sequences_plot.txt",
                "multiqc/multiqc_data/fastqc_per_base_n_content_plot.txt",
                "multiqc/multiqc_data/fastqc_per_base_sequence_quality_plot.txt",
                "multiqc/multiqc_data/fastqc_per_sequence_gc_content_plot_Counts.txt",
                "multiqc/multiqc_data/fastqc_per_sequence_gc_content_plot_Percentages.txt",
                "multiqc/multiqc_data/fastqc_per_sequence_quality_scores_plot.txt",
                "multiqc/multiqc_data/fastqc_sequence_counts_plot.txt",
                "multiqc/multiqc_data/fastqc_sequence_duplication_levels_plot.txt",
                "multiqc/multiqc_data/fastqc_top_overrepresented_sequences_table.txt",
                "multiqc/multiqc_data/llms-full.txt",
                "multiqc/multiqc_data/multiqc.log",
                "multiqc/multiqc_data/multiqc.parquet",
                "multiqc/multiqc_data/multiqc_citations.txt",
                "multiqc/multiqc_data/multiqc_data.json",
                "multiqc/multiqc_data/multiqc_fastqc.txt",
                "multiqc/multiqc_data/multiqc_general_stats.txt",
                "multiqc/multiqc_data/multiqc_salmon.txt",
                "multiqc/multiqc_data/multiqc_software_versions.txt",
                "multiqc/multiqc_data/multiqc_sources.txt",
                "multiqc/multiqc_data/salmon_plot.txt",
                "multiqc/multiqc_plots",
                "multiqc/multiqc_plots/pdf",
                "multiqc/multiqc_plots/pdf/fastqc_adapter_content_plot.pdf",
                "multiqc/multiqc_plots/pdf/fastqc_overrepresented_sequences_plot.pdf",
                "multiqc/multiqc_plots/pdf/fastqc_per_base_n_content_plot.pdf",
                "multiqc/multiqc_plots/pdf/fastqc_per_base_sequence_quality_plot.pdf",
                "multiqc/multiqc_plots/pdf/fastqc_per_sequence_gc_content_plot_Counts.pdf",
                "multiqc/multiqc_plots/pdf/fastqc_per_sequence_gc_content_plot_Percentages.pdf",
                "multiqc/multiqc_plots/pdf/fastqc_per_sequence_quality_scores_plot.pdf",
                "multiqc/multiqc_plots/pdf/fastqc_sequence_counts_plot-cnt.pdf",
                "multiqc/multiqc_plots/pdf/fastqc_sequence_counts_plot-pct.pdf",
                "multiqc/multiqc_plots/pdf/fastqc_sequence_duplication_levels_plot.pdf",
                "multiqc/multiqc_plots/pdf/fastqc_top_overrepresented_sequences_table.pdf",
                "multiqc/multiqc_plots/pdf/salmon_plot.pdf",
                "multiqc/multiqc_plots/png",
                "multiqc/multiqc_plots/png/fastqc_adapter_content_plot.png",
                "multiqc/multiqc_plots/png/fastqc_overrepresented_sequences_plot.png",
                "multiqc/multiqc_plots/png/fastqc_per_base_n_content_plot.png",
                "multiqc/multiqc_plots/png/fastqc_per_base_sequence_quality_plot.png",
                "multiqc/multiqc_plots/png/fastqc_per_sequence_gc_content_plot_Counts.png",
                "multiqc/multiqc_plots/png/fastqc_per_sequence_gc_content_plot_Percentages.png",
                "multiqc/multiqc_plots/png/fastqc_per_sequence_quality_scores_plot.png",
                "multiqc/multiqc_plots/png/fastqc_sequence_counts_plot-cnt.png",
                "multiqc/multiqc_plots/png/fastqc_sequence_counts_plot-pct.png",
                "multiqc/multiqc_plots/png/fastqc_sequence_duplication_levels_plot.png",
                "multiqc/multiqc_plots/png/fastqc_top_overrepresented_sequences_table.png",
                "multiqc/multiqc_plots/png/salmon_plot.png",
                "multiqc/multiqc_plots/svg",
                "multiqc/multiqc_plots/svg/fastqc_adapter_content_plot.svg",
                "multiqc/multiqc_plots/svg/fastqc_overrepresented_sequences_plot.svg",
                "multiqc/multiqc_plots/svg/fastqc_per_base_n_content_plot.svg",
                "multiqc/multiqc_plots/svg/fastqc_per_base_sequence_quality_plot.svg",
                "multiqc/multiqc_plots/svg/fastqc_per_sequence_gc_content_plot_Counts.svg",
                "multiqc/multiqc_plots/svg/fastqc_per_sequence_gc_content_plot_Percentages.svg",
                "multiqc/multiqc_plots/svg/fastqc_per_sequence_quality_scores_plot.svg",
                "multiqc/multiqc_plots/svg/fastqc_sequence_counts_plot-cnt.svg",
                "multiqc/multiqc_plots/svg/fastqc_sequence_counts_plot-pct.svg",
                "multiqc/multiqc_plots/svg/fastqc_sequence_duplication_levels_plot.svg",
                "multiqc/multiqc_plots/svg/fastqc_top_overrepresented_sequences_table.svg",
                "multiqc/multiqc_plots/svg/salmon_plot.svg",
                "multiqc/multiqc_report.html",
                "pipeline_info",
                "pipeline_info/pseudoalign_software_mqc_versions.yml",
                "salmon",
                "salmon/SRR6357070_2",
                "salmon/SRR6357070_2/aux_info",
                "salmon/SRR6357070_2/aux_info/ambig_info.tsv",
                "salmon/SRR6357070_2/aux_info/expected_bias.gz",
                "salmon/SRR6357070_2/aux_info/fld.gz",
                "salmon/SRR6357070_2/aux_info/meta_info.json",
                "salmon/SRR6357070_2/aux_info/observed_bias.gz",
                "salmon/SRR6357070_2/aux_info/observed_bias_3p.gz",
                "salmon/SRR6357070_2/cmd_info.json",
                "salmon/SRR6357070_2/libParams",
                "salmon/SRR6357070_2/libParams/flenDist.txt",
                "salmon/SRR6357070_2/lib_format_counts.json",
                "salmon/SRR6357070_2/logs",
                "salmon/SRR6357070_2/logs/salmon_quant.log",
                "salmon/SRR6357070_2/quant.genes.sf",
                "salmon/SRR6357070_2/quant.sf",
                "salmon/SRR6357070_2_lib_format_counts.json",
                "salmon/SRR6357070_2_meta_info.json",
                "salmon/SRR6357071_2",
                "salmon/SRR6357071_2/aux_info",
                "salmon/SRR6357071_2/aux_info/ambig_info.tsv",
                "salmon/SRR6357071_2/aux_info/expected_bias.gz",
                "salmon/SRR6357071_2/aux_info/fld.gz",
                "salmon/SRR6357071_2/aux_info/meta_info.json",
                "salmon/SRR6357071_2/aux_info/observed_bias.gz",
                "salmon/SRR6357071_2/aux_info/observed_bias_3p.gz",
                "salmon/SRR6357071_2/cmd_info.json",
                "salmon/SRR6357071_2/libParams",
                "salmon/SRR6357071_2/libParams/flenDist.txt",
                "salmon/SRR6357071_2/lib_format_counts.json",
                "salmon/SRR6357071_2/logs",
                "salmon/SRR6357071_2/logs/salmon_quant.log",
                "salmon/SRR6357071_2/quant.genes.sf",
                "salmon/SRR6357071_2/quant.sf",
                "salmon/SRR6357071_2_lib_format_counts.json",
                "salmon/SRR6357071_2_meta_info.json"
            ],
            [
                "fastqc-status-check-heatmap.txt:md5,ccc1145e11f48055800cf92bf44c2174",
                "fastqc_adapter_content_plot.txt:md5,375209f0685b0033c042755bc88f3587",
                "fastqc_overrepresented_sequences_plot.txt:md5,4c137f9c7af27e9a6face32091ed2a90",
                "fastqc_per_base_n_content_plot.txt:md5,034c91dcd4d9a73b550443fc7edd0c49",
                "fastqc_per_base_sequence_quality_plot.txt:md5,60e6bc62cd38c916f238a7772f8bea75",
                "fastqc_per_sequence_gc_content_plot_Counts.txt:md5,e93fed962269c4ae4a786e93c7a7c18f",
                "fastqc_per_sequence_gc_content_plot_Percentages.txt:md5,3dbb09637d91e276ec87dfe023167476",
                "fastqc_per_sequence_quality_scores_plot.txt:md5,b11eeb0d2edb0ab950b88eea76cb789e",
                "fastqc_sequence_counts_plot.txt:md5,b87aa7056944c6f89393b0503cf0e716",
                "fastqc_sequence_duplication_levels_plot.txt:md5,9b0ba99e702863c5ad8d9db0449552ce",
                "multiqc_citations.txt:md5,5e3091924fd6984ed3db4da01fe249bd",
                "multiqc_fastqc.txt:md5,7a96b20496e49b7b78284fe185cfb2b7",
                "multiqc_general_stats.txt:md5,0c27d6c74512a8e876bf2abad6d8854c",
                "ambig_info.tsv:md5,28aa092e4813293f14e1424eee88f477",
                "expected_bias.gz:md5,3407f87245d0003e0ffbfdf6d8c04f20",
                "observed_bias.gz:md5,92bcd0592d22a6a58d0360fc76103e56",
                "observed_bias_3p.gz:md5,92bcd0592d22a6a58d0360fc76103e56",
                "cmd_info.json:md5,81a6f65e9a95c7be2909b724d75c2df8",
                "lib_format_counts.json:md5,81d88d5c089798f1fc84098173485003",
                "SRR6357070_2_lib_format_counts.json:md5,81d88d5c089798f1fc84098173485003",
                "ambig_info.tsv:md5,d2f50de955cf9c75953a580a16bb055a",
                "expected_bias.gz:md5,3407f87245d0003e0ffbfdf6d8c04f20",
                "observed_bias.gz:md5,92bcd0592d22a6a58d0360fc76103e56",
                "observed_bias_3p.gz:md5,92bcd0592d22a6a58d0360fc76103e56",
                "cmd_info.json:md5,6cdc3bb30c41d7b2e33b7e70a198e18a",
                "lib_format_counts.json:md5,2b0738c28ba1a3cb35c5e6c409b29748",
                "SRR6357071_2_lib_format_counts.json:md5,2b0738c28ba1a3cb35c5e6c409b29748"
            ]
        ],
        "meta": {
            "nf-test": "0.9.3",
            "nextflow": "25.04.3"
        },
        "timestamp": "2026-01-23T20:52:54.947785792"
    }
}